Warning: link_library "* C28SOI_SC_8_CORE_LR_ff28_1.10V_0.00V_1.10V_0.00V_m40C_sadhm.db C28SOI_SC_8_CORESPL_LR_ff28_1.10V_0.00V_1.10V_0.00V_m40C_sadhm.db C28SOI_SC_8_PR_LR_ff28_1.10V_0.00V_1.10V_0.00V_m40C.db C28SOI_SC_8_ECO_LR_ff28_1.10V_0.00V_1.10V_0.00V_m40C_sadhm.db C28SOI_SC_8_CLK_LR_ff28_1.10V_0.00V_1.10V_0.00V_m40C_sadhm.db C28SOI_SC_8_CORE_LR_ss28_0.90V_0.00V_0.90V_0.00V_125C_sadhm.db C28SOI_SC_8_CORESPL_LR_ss28_0.90V_0.00V_0.90V_0.00V_125C_sadhm.db C28SOI_SC_8_PR_LR_ss28_0.90V_0.00V_0.90V_0.00V_125C.db C28SOI_SC_8_ECO_LR_ss28_0.90V_0.00V_0.90V_0.00V_125C_sadhm.db C28SOI_SC_8_CLK_LR_ss28_0.90V_0.00V_0.90V_0.00V_125C_sadhm.db ln28fds_io_lib_t18_ss_sigcmax_0p650v_1p620v_125c.db ln28fds_io_lib_t18_ff_sigcmin_1p100v_1p980v_m40c.db dw_foundation.sldb" ignored when -logic_library_name is specified
Information: Library grouping table (LIBCHK-308)
---------------------------------------------------------------------------------------
Group# Library# Library name	       Library file name
---------------------------------------------------------------------------------------
    1        1  C28SOI_SC_8_CORE_LR_ff28_1.10V_0.00V_1.10V_0.00V_m40C_sadhm  /tool/PDK/samsung/LN28FDS_202408/SC/ln28fds_sc_8t_rvt_mainstream_V1.02ae/FE-Common/LIBERTY/CORE/C28SOI_SC_8_CORE_LR_ff28_1.10V_0.00V_1.10V_0.00V_m40C_sadhm.db
    1        2  C28SOI_SC_8_CORE_LR_ss28_0.90V_0.00V_0.90V_0.00V_125C_sadhm  /tool/PDK/samsung/LN28FDS_202408/SC/ln28fds_sc_8t_rvt_mainstream_V1.02ae/FE-Common/LIBERTY/CORE/C28SOI_SC_8_CORE_LR_ss28_0.90V_0.00V_0.90V_0.00V_125C_sadhm.db
    2        1  C28SOI_SC_8_CORESPL_LR_ff28_1.10V_0.00V_1.10V_0.00V_m40C_sadhm  /tool/PDK/samsung/LN28FDS_202408/SC/ln28fds_sc_8t_rvt_mainstream_V1.02ae/FE-Common/LIBERTY/CORESPL/C28SOI_SC_8_CORESPL_LR_ff28_1.10V_0.00V_1.10V_0.00V_m40C_sadhm.db
    2        2  C28SOI_SC_8_CORESPL_LR_ss28_0.90V_0.00V_0.90V_0.00V_125C_sadhm  /tool/PDK/samsung/LN28FDS_202408/SC/ln28fds_sc_8t_rvt_mainstream_V1.02ae/FE-Common/LIBERTY/CORESPL/C28SOI_SC_8_CORESPL_LR_ss28_0.90V_0.00V_0.90V_0.00V_125C_sadhm.db
    3        1  C28SOI_SC_8_PR_LR_ff28_1.10V_0.00V_1.10V_0.00V_m40C  /tool/PDK/samsung/LN28FDS_202408/SC/ln28fds_sc_8t_rvt_mainstream_V1.02ae/FE-Common/LIBERTY/PR/C28SOI_SC_8_PR_LR_ff28_1.10V_0.00V_1.10V_0.00V_m40C.db
    3        2  C28SOI_SC_8_PR_LR_ss28_0.90V_0.00V_0.90V_0.00V_125C  /tool/PDK/samsung/LN28FDS_202408/SC/ln28fds_sc_8t_rvt_mainstream_V1.02ae/FE-Common/LIBERTY/PR/C28SOI_SC_8_PR_LR_ss28_0.90V_0.00V_0.90V_0.00V_125C.db
    4        1  C28SOI_SC_8_ECO_LR_ff28_1.10V_0.00V_1.10V_0.00V_m40C_sadhm  /tool/PDK/samsung/LN28FDS_202408/SC/ln28fds_sc_8t_rvt_mainstream_V1.02ae/FE-Common/LIBERTY/ECO/C28SOI_SC_8_ECO_LR_ff28_1.10V_0.00V_1.10V_0.00V_m40C_sadhm.db
    4        2  C28SOI_SC_8_ECO_LR_ss28_0.90V_0.00V_0.90V_0.00V_125C_sadhm  /tool/PDK/samsung/LN28FDS_202408/SC/ln28fds_sc_8t_rvt_mainstream_V1.02ae/FE-Common/LIBERTY/ECO/C28SOI_SC_8_ECO_LR_ss28_0.90V_0.00V_0.90V_0.00V_125C_sadhm.db
    5        1  C28SOI_SC_8_CLK_LR_ff28_1.10V_0.00V_1.10V_0.00V_m40C_sadhm  /tool/PDK/samsung/LN28FDS_202408/SC/ln28fds_sc_8t_rvt_mainstream_V1.02ae/FE-Common/LIBERTY/CLK/C28SOI_SC_8_CLK_LR_ff28_1.10V_0.00V_1.10V_0.00V_m40C_sadhm.db
    5        2  C28SOI_SC_8_CLK_LR_ss28_0.90V_0.00V_0.90V_0.00V_125C_sadhm  /tool/PDK/samsung/LN28FDS_202408/SC/ln28fds_sc_8t_rvt_mainstream_V1.02ae/FE-Common/LIBERTY/CLK/C28SOI_SC_8_CLK_LR_ss28_0.90V_0.00V_0.90V_0.00V_125C_sadhm.db
---------------------------------------------------------------------------------------
Cross checking libraries C28SOI_SC_8_CORE_LR_ff28_1.10V_0.00V_1.10V_0.00V_m40C_sadhm C28SOI_SC_8_CORE_LR_ss28_0.90V_0.00V_0.90V_0.00V_125C_sadhm ...


#BEGIN_XCHECK_LIBRARY

Logic Library #1:
    Library name              C28SOI_SC_8_CORE_LR_ff28_1.10V_0.00V_1.10V_0.00V_m40C_sadhm
    File name                 /tool/PDK/samsung/LN28FDS_202408/SC/ln28fds_sc_8t_rvt_mainstream_V1.02ae/FE-Common/LIBERTY/CORE/C28SOI_SC_8_CORE_LR_ff28_1.10V_0.00V_1.10V_0.00V_m40C_sadhm.db
    Library type              pg_pin based db
    Library Version           V2.7.3
    Tool Created              J-2014.09-SP5
    Data Created              Mar 31 2017
    Time unit                 1ns
    Capacitance unit          1000ff
    Leakage power unit        1uW
    Current unit              1mA
Logic Library #2:
    Library name              C28SOI_SC_8_CORE_LR_ss28_0.90V_0.00V_0.90V_0.00V_125C_sadhm
    File name                 /tool/PDK/samsung/LN28FDS_202408/SC/ln28fds_sc_8t_rvt_mainstream_V1.02ae/FE-Common/LIBERTY/CORE/C28SOI_SC_8_CORE_LR_ss28_0.90V_0.00V_0.90V_0.00V_125C_sadhm.db
    Library type              pg_pin based db
    Library Version           V2.7.3
    Tool Created              J-2014.09-SP5
    Data Created              Mar 31 2017
check_library options         -mcmm 
Version                       V-2023.12-SP5-2
Check date and time           Sun Aug 17 15:40:41 2025


#BEGIN_LIBSCREEN_UPF

Library#1 (C28SOI_SC_8_CORE_LR_ff28_1.10V_0.00V_1.10V_0.00V_m40C_sadhm):
PG checking passed.
No power management cells in library#1.
Library#2 (C28SOI_SC_8_CORE_LR_ss28_0.90V_0.00V_0.90V_0.00V_125C_sadhm):
PG checking passed.
No power management cells in library#2.

#END_LIBSCREEN_UPF


#BEGIN_XCHECK_LOGICCELLS

Number of cells missing in library 1:   0 (out of 437)
Number of cells missing in library 2:   0 (out of 437)

#BEGIN_LIBSCREEN_TEST_CELL

Library#1 (C28SOI_SC_8_CORE_LR_ff28_1.10V_0.00V_1.10V_0.00V_m40C_sadhm):
Library#2 (C28SOI_SC_8_CORE_LR_ss28_0.90V_0.00V_0.90V_0.00V_125C_sadhm):

#END_LIBSCREEN_TEST_CELL


#END_XCHECK_LOGICCELLS

#BEGIN_XCHECK_LOGICPINS

Number of cells missing pins in library 1:   0 (out of 437)
Number of cells missing pins in library 2:   0 (out of 437)


#END_XCHECK_LOGICPINS

#BEGIN_XCHECK_LOGICPGPINS

Number of cells missing pg_pins in library 1:   0 (out of 437)
Number of cells missing pg_pins in library 2:   0 (out of 437)

#END_XCHECK_LOGICPGPINS

#BEGIN_XCHECK_ARCS

Number of cells with missing arcs in library 1:   0 (out of 437)
Number of cells with missing arcs in library 2:   0 (out of 437)

#END_XCHECK_ARCS


Logic vs. logic library check summary: 
Logic library consistency check PASSED for MCMM.

#END_XCHECK_LIBRARY

Cross checking libraries C28SOI_SC_8_CORESPL_LR_ff28_1.10V_0.00V_1.10V_0.00V_m40C_sadhm C28SOI_SC_8_CORESPL_LR_ss28_0.90V_0.00V_0.90V_0.00V_125C_sadhm ...


#BEGIN_XCHECK_LIBRARY

Logic Library #1:
    Library name              C28SOI_SC_8_CORESPL_LR_ff28_1.10V_0.00V_1.10V_0.00V_m40C_sadhm
    File name                 /tool/PDK/samsung/LN28FDS_202408/SC/ln28fds_sc_8t_rvt_mainstream_V1.02ae/FE-Common/LIBERTY/CORESPL/C28SOI_SC_8_CORESPL_LR_ff28_1.10V_0.00V_1.10V_0.00V_m40C_sadhm.db
    Library type              pg_pin based db
    Library Version           V2.7.3
    Tool Created              H-2013.03-SP2
    Data Created              Mar 31 2017
    Time unit                 1ns
    Capacitance unit          1000ff
    Leakage power unit        1uW
    Current unit              1mA
Logic Library #2:
    Library name              C28SOI_SC_8_CORESPL_LR_ss28_0.90V_0.00V_0.90V_0.00V_125C_sadhm
    File name                 /tool/PDK/samsung/LN28FDS_202408/SC/ln28fds_sc_8t_rvt_mainstream_V1.02ae/FE-Common/LIBERTY/CORESPL/C28SOI_SC_8_CORESPL_LR_ss28_0.90V_0.00V_0.90V_0.00V_125C_sadhm.db
    Library type              pg_pin based db
    Library Version           V2.7.3
    Tool Created              H-2013.03-SP2
    Data Created              Mar 31 2017
check_library options         -mcmm 
Version                       V-2023.12-SP5-2
Check date and time           Sun Aug 17 15:40:43 2025


#BEGIN_LIBSCREEN_UPF

Library#1 (C28SOI_SC_8_CORESPL_LR_ff28_1.10V_0.00V_1.10V_0.00V_m40C_sadhm):
PG checking passed.
No power management cells in library#1.
Library#2 (C28SOI_SC_8_CORESPL_LR_ss28_0.90V_0.00V_0.90V_0.00V_125C_sadhm):
PG checking passed.
No power management cells in library#2.

#END_LIBSCREEN_UPF


#BEGIN_XCHECK_LOGICCELLS

Number of cells missing in library 1:   0 (out of 465)
Number of cells missing in library 2:   0 (out of 465)

#BEGIN_LIBSCREEN_TEST_CELL

Library#1 (C28SOI_SC_8_CORESPL_LR_ff28_1.10V_0.00V_1.10V_0.00V_m40C_sadhm):
Library#2 (C28SOI_SC_8_CORESPL_LR_ss28_0.90V_0.00V_0.90V_0.00V_125C_sadhm):

#END_LIBSCREEN_TEST_CELL


#END_XCHECK_LOGICCELLS

#BEGIN_XCHECK_LOGICPINS

Number of cells missing pins in library 1:   0 (out of 465)
Number of cells missing pins in library 2:   0 (out of 465)


#END_XCHECK_LOGICPINS

#BEGIN_XCHECK_LOGICPGPINS

Number of cells missing pg_pins in library 1:   0 (out of 465)
Number of cells missing pg_pins in library 2:   0 (out of 465)

#END_XCHECK_LOGICPGPINS

#BEGIN_XCHECK_ARCS

Number of cells with missing arcs in library 1:   0 (out of 465)
Number of cells with missing arcs in library 2:   0 (out of 465)

#END_XCHECK_ARCS


Logic vs. logic library check summary: 
Logic library consistency check PASSED for MCMM.

#END_XCHECK_LIBRARY

Cross checking libraries C28SOI_SC_8_PR_LR_ff28_1.10V_0.00V_1.10V_0.00V_m40C C28SOI_SC_8_PR_LR_ss28_0.90V_0.00V_0.90V_0.00V_125C ...


#BEGIN_XCHECK_LIBRARY

Logic Library #1:
    Library name              C28SOI_SC_8_PR_LR_ff28_1.10V_0.00V_1.10V_0.00V_m40C
    File name                 /tool/PDK/samsung/LN28FDS_202408/SC/ln28fds_sc_8t_rvt_mainstream_V1.02ae/FE-Common/LIBERTY/PR/C28SOI_SC_8_PR_LR_ff28_1.10V_0.00V_1.10V_0.00V_m40C.db
    Library type              pg_pin based db
    Library Version           V2.7.3
    Tool Created              H-2013.03-SP2
    Data Created              Mar 31 2017
    Time unit                 1ns
    Capacitance unit          1000ff
    Leakage power unit        1uW
    Current unit              1mA
Logic Library #2:
    Library name              C28SOI_SC_8_PR_LR_ss28_0.90V_0.00V_0.90V_0.00V_125C
    File name                 /tool/PDK/samsung/LN28FDS_202408/SC/ln28fds_sc_8t_rvt_mainstream_V1.02ae/FE-Common/LIBERTY/PR/C28SOI_SC_8_PR_LR_ss28_0.90V_0.00V_0.90V_0.00V_125C.db
    Library type              pg_pin based db
    Library Version           V2.7.3
    Tool Created              H-2013.03-SP2
    Data Created              Mar 31 2017
check_library options         -mcmm 
Version                       V-2023.12-SP5-2
Check date and time           Sun Aug 17 15:40:44 2025


#BEGIN_LIBSCREEN_UPF

Library#1 (C28SOI_SC_8_PR_LR_ff28_1.10V_0.00V_1.10V_0.00V_m40C):
PG checking passed.
No power management cells in library#1.
Library#2 (C28SOI_SC_8_PR_LR_ss28_0.90V_0.00V_0.90V_0.00V_125C):
PG checking passed.
No power management cells in library#2.

#END_LIBSCREEN_UPF


Information: List of cell classification (LIBCHK-312)
------------------------------------------------------------------------------
Library name                C28SOI_SC_8_PR_LR_ff28_1.10V_0.00V_1.10V_0.00V_m40C(lib#1)
                                                      C28SOI_SC_8_PR_LR_ss28_0.90V_0.00V_0.90V_0.00V_125C(lib#2)
------------------------------------------------------------------------------
Total number                 31                        31
Inverter                      0                         0
Buffer                        0                         0
Level shifter                 0                         0
Differential level shifter    0                         0
Isolation cell                0                         0
Clock Isolation cell          0                         0
Retention cell                0                         0
Switch cell                   0                         0
Always on cell                0                         0
------------------------------------------------------------------------------

#BEGIN_XCHECK_LOGICCELLS

Number of cells missing in library 1:   0 (out of 31)
Number of cells missing in library 2:   0 (out of 31)

#BEGIN_LIBSCREEN_TEST_CELL

Library#1 (C28SOI_SC_8_PR_LR_ff28_1.10V_0.00V_1.10V_0.00V_m40C):
Library#2 (C28SOI_SC_8_PR_LR_ss28_0.90V_0.00V_0.90V_0.00V_125C):

#END_LIBSCREEN_TEST_CELL


#END_XCHECK_LOGICCELLS

#BEGIN_XCHECK_LOGICPINS

Number of cells missing pins in library 1:   0 (out of 31)
Number of cells missing pins in library 2:   0 (out of 31)


#END_XCHECK_LOGICPINS

#BEGIN_XCHECK_LOGICPGPINS

Number of cells missing pg_pins in library 1:   0 (out of 31)
Number of cells missing pg_pins in library 2:   0 (out of 31)

#END_XCHECK_LOGICPGPINS

#BEGIN_XCHECK_ARCS

Number of cells with missing arcs in library 1:   0 (out of 31)
Number of cells with missing arcs in library 2:   0 (out of 31)

#END_XCHECK_ARCS


Logic vs. logic library check summary: 
Logic library consistency check PASSED for MCMM.

#END_XCHECK_LIBRARY

Cross checking libraries C28SOI_SC_8_ECO_LR_ff28_1.10V_0.00V_1.10V_0.00V_m40C_sadhm C28SOI_SC_8_ECO_LR_ss28_0.90V_0.00V_0.90V_0.00V_125C_sadhm ...


#BEGIN_XCHECK_LIBRARY

Logic Library #1:
    Library name              C28SOI_SC_8_ECO_LR_ff28_1.10V_0.00V_1.10V_0.00V_m40C_sadhm
    File name                 /tool/PDK/samsung/LN28FDS_202408/SC/ln28fds_sc_8t_rvt_mainstream_V1.02ae/FE-Common/LIBERTY/ECO/C28SOI_SC_8_ECO_LR_ff28_1.10V_0.00V_1.10V_0.00V_m40C_sadhm.db
    Library type              pg_pin based db
    Library Version           V2.7.3
    Tool Created              H-2013.03-SP2
    Data Created              Mar 31 2017
    Time unit                 1ns
    Capacitance unit          1000ff
    Leakage power unit        1uW
    Current unit              1mA
Logic Library #2:
    Library name              C28SOI_SC_8_ECO_LR_ss28_0.90V_0.00V_0.90V_0.00V_125C_sadhm
    File name                 /tool/PDK/samsung/LN28FDS_202408/SC/ln28fds_sc_8t_rvt_mainstream_V1.02ae/FE-Common/LIBERTY/ECO/C28SOI_SC_8_ECO_LR_ss28_0.90V_0.00V_0.90V_0.00V_125C_sadhm.db
    Library type              pg_pin based db
    Library Version           V2.7.3
    Tool Created              H-2013.03-SP2
    Data Created              Mar 31 2017
check_library options         -mcmm 
Version                       V-2023.12-SP5-2
Check date and time           Sun Aug 17 15:40:44 2025


#BEGIN_LIBSCREEN_UPF

Library#1 (C28SOI_SC_8_ECO_LR_ff28_1.10V_0.00V_1.10V_0.00V_m40C_sadhm):
PG checking passed.
No power management cells in library#1.
Library#2 (C28SOI_SC_8_ECO_LR_ss28_0.90V_0.00V_0.90V_0.00V_125C_sadhm):
PG checking passed.
No power management cells in library#2.

#END_LIBSCREEN_UPF


#BEGIN_XCHECK_LOGICCELLS

Number of cells missing in library 1:   0 (out of 147)
Number of cells missing in library 2:   0 (out of 147)

#BEGIN_LIBSCREEN_TEST_CELL

Library#1 (C28SOI_SC_8_ECO_LR_ff28_1.10V_0.00V_1.10V_0.00V_m40C_sadhm):
Library#2 (C28SOI_SC_8_ECO_LR_ss28_0.90V_0.00V_0.90V_0.00V_125C_sadhm):

#END_LIBSCREEN_TEST_CELL


#END_XCHECK_LOGICCELLS

#BEGIN_XCHECK_LOGICPINS

Number of cells missing pins in library 1:   0 (out of 147)
Number of cells missing pins in library 2:   0 (out of 147)


#END_XCHECK_LOGICPINS

#BEGIN_XCHECK_LOGICPGPINS

Number of cells missing pg_pins in library 1:   0 (out of 147)
Number of cells missing pg_pins in library 2:   0 (out of 147)

#END_XCHECK_LOGICPGPINS

#BEGIN_XCHECK_ARCS

Number of cells with missing arcs in library 1:   0 (out of 147)
Number of cells with missing arcs in library 2:   0 (out of 147)

#END_XCHECK_ARCS


Logic vs. logic library check summary: 
Logic library consistency check PASSED for MCMM.

#END_XCHECK_LIBRARY

Cross checking libraries C28SOI_SC_8_CLK_LR_ff28_1.10V_0.00V_1.10V_0.00V_m40C_sadhm C28SOI_SC_8_CLK_LR_ss28_0.90V_0.00V_0.90V_0.00V_125C_sadhm ...


#BEGIN_XCHECK_LIBRARY

Logic Library #1:
    Library name              C28SOI_SC_8_CLK_LR_ff28_1.10V_0.00V_1.10V_0.00V_m40C_sadhm
    File name                 /tool/PDK/samsung/LN28FDS_202408/SC/ln28fds_sc_8t_rvt_mainstream_V1.02ae/FE-Common/LIBERTY/CLK/C28SOI_SC_8_CLK_LR_ff28_1.10V_0.00V_1.10V_0.00V_m40C_sadhm.db
    Library type              pg_pin based db
    Library Version           V2.7.3
    Tool Created              H-2013.03-SP2
    Data Created              Mar 31 2017
    Time unit                 1ns
    Capacitance unit          1000ff
    Leakage power unit        1uW
    Current unit              1mA
Logic Library #2:
    Library name              C28SOI_SC_8_CLK_LR_ss28_0.90V_0.00V_0.90V_0.00V_125C_sadhm
    File name                 /tool/PDK/samsung/LN28FDS_202408/SC/ln28fds_sc_8t_rvt_mainstream_V1.02ae/FE-Common/LIBERTY/CLK/C28SOI_SC_8_CLK_LR_ss28_0.90V_0.00V_0.90V_0.00V_125C_sadhm.db
    Library type              pg_pin based db
    Library Version           V2.7.3
    Tool Created              H-2013.03-SP2
    Data Created              Mar 31 2017
check_library options         -mcmm 
Version                       V-2023.12-SP5-2
Check date and time           Sun Aug 17 15:40:45 2025


#BEGIN_LIBSCREEN_UPF

Library#1 (C28SOI_SC_8_CLK_LR_ff28_1.10V_0.00V_1.10V_0.00V_m40C_sadhm):
PG checking passed.
No power management cells in library#1.
Library#2 (C28SOI_SC_8_CLK_LR_ss28_0.90V_0.00V_0.90V_0.00V_125C_sadhm):
PG checking passed.
No power management cells in library#2.

#END_LIBSCREEN_UPF


#BEGIN_XCHECK_LOGICCELLS

Number of cells missing in library 1:   0 (out of 348)
Number of cells missing in library 2:   0 (out of 348)

#BEGIN_LIBSCREEN_TEST_CELL

Library#1 (C28SOI_SC_8_CLK_LR_ff28_1.10V_0.00V_1.10V_0.00V_m40C_sadhm):
Library#2 (C28SOI_SC_8_CLK_LR_ss28_0.90V_0.00V_0.90V_0.00V_125C_sadhm):

#END_LIBSCREEN_TEST_CELL


#END_XCHECK_LOGICCELLS

#BEGIN_XCHECK_LOGICPINS

Number of cells missing pins in library 1:   0 (out of 348)
Number of cells missing pins in library 2:   0 (out of 348)


#END_XCHECK_LOGICPINS

#BEGIN_XCHECK_LOGICPGPINS

Number of cells missing pg_pins in library 1:   0 (out of 348)
Number of cells missing pg_pins in library 2:   0 (out of 348)

#END_XCHECK_LOGICPGPINS

#BEGIN_XCHECK_ARCS

Number of cells with missing arcs in library 1:   0 (out of 348)
Number of cells with missing arcs in library 2:   0 (out of 348)

#END_XCHECK_ARCS


Logic vs. logic library check summary: 
Logic library consistency check PASSED for MCMM.

#END_XCHECK_LIBRARY

Memory usage for this session 117 Mbytes.
CPU usage for this session 6 seconds ( 0.00 hours ).

Thank you...
Warning: link_library "* C28SOI_SC_8_CORE_LR_ff28_1.10V_0.00V_1.10V_0.00V_m40C_sadhm.db C28SOI_SC_8_CORESPL_LR_ff28_1.10V_0.00V_1.10V_0.00V_m40C_sadhm.db C28SOI_SC_8_PR_LR_ff28_1.10V_0.00V_1.10V_0.00V_m40C.db C28SOI_SC_8_ECO_LR_ff28_1.10V_0.00V_1.10V_0.00V_m40C_sadhm.db C28SOI_SC_8_CLK_LR_ff28_1.10V_0.00V_1.10V_0.00V_m40C_sadhm.db C28SOI_SC_8_CORE_LR_ss28_0.90V_0.00V_0.90V_0.00V_125C_sadhm.db C28SOI_SC_8_CORESPL_LR_ss28_0.90V_0.00V_0.90V_0.00V_125C_sadhm.db C28SOI_SC_8_PR_LR_ss28_0.90V_0.00V_0.90V_0.00V_125C.db C28SOI_SC_8_ECO_LR_ss28_0.90V_0.00V_0.90V_0.00V_125C_sadhm.db C28SOI_SC_8_CLK_LR_ss28_0.90V_0.00V_0.90V_0.00V_125C_sadhm.db ln28fds_io_lib_t18_ss_sigcmax_0p650v_1p620v_125c.db ln28fds_io_lib_t18_ff_sigcmin_1p100v_1p980v_m40c.db dw_foundation.sldb" ignored when -logic_library_name is specified
1
