 
****************************************
Report : resources
Design : fp_mac
Version: V-2023.12-SP5-3
Date   : Sun Aug 17 15:48:54 2025
****************************************


Resource Report for this hierarchy in file
        /home/intern9//example/rtl/fp/fp_mac.v
=============================================================================
| Cell           | Module         | Parameters | Contained Operations       |
=============================================================================
| mult_x_1       | DW_mult_uns    | a_width=4  | mult_125 (fp_mac.v:125)    |
|                |                | b_width=4  |                            |
| add_x_2        | DW01_inc       | width=9    | add_130 (fp_mac.v:130)     |
| ash_4          | DW_leftsh      | A_width=40 | sll_131 (fp_mac.v:131)     |
|                |                | SH_width=5 |                            |
| lt_x_5         | DW_cmp         | width=5    | lt_148 (fp_mac.v:148)      |
| add_x_6        | DW01_inc       | width=5    | add_149 (fp_mac.v:149)     |
| add_x_7        | DW01_add       | width=40   | add_151 (fp_mac.v:151)     |
| sub_x_19       | DW01_sub       | width=4    | sub_233 (fp_mac.v:233)     |
| add_x_20       | DW01_add       | width=6    | add_234 (fp_mac.v:234)     |
| ash_21         | DW_leftsh      | A_width=40 | sll_234 (fp_mac.v:234)     |
|                |                | SH_width=6 |                            |
| add_x_22       | DW01_add       | width=5    | add_236 (fp_mac.v:236)     |
| add_x_28       | DW01_add       | width=4    | add_244_aco (fp_mac.v:244) |
| U_LZD1         | DW_lzd         | a_width=15 | U_LZD1 (fp_mac.v:203)      |
| DP_OP_57J1_122_4183             |            |                            |
|                | DP_OP_57J1_122_4183 |       |                            |
| sub_x_33       | DW01_sub       | width=40   | add_185_S2_ni (fp_mac.v:185) |
               |                |            | sub_add_185_S2 (fp_mac.v:185) |
=============================================================================

Datapath Report for DP_OP_57J1_122_4183
==============================================================================
| Cell                 | Contained Operations                                |
==============================================================================
| DP_OP_57J1_122_4183  | add_106 (fp_mac.v:106) add_95 (fp_mac.v:95)         |
|                      | sub_106 (fp_mac.v:106)                              |
==============================================================================

==============================================================================
|       |      | Data     |       |                                          |
| Var   | Type | Class    | Width | Expression                               |
==============================================================================
| I1    | PI   | Unsigned | 4     |                                          |
| I2    | PI   | Unsigned | 4     |                                          |
| I3    | PI   | Unsigned | 1     |                                          |
| I4    | PI   | Unsigned | 1     |                                          |
| O1    | PO   | Signed   | 5     | I1 + I2 - I3 - I4 ( fp_mac.v:95 fp_mac.v:106 ) |
==============================================================================


Resource Report for Ungrouped Hierarchy U_LZD1
=============================================================================
| Cell           | Module         | Parameters | Contained Operations       |
=============================================================================
=============================================================================


Implementation Report
===============================================================================
|                    |                  | Current            | Set            |
| Cell               | Module           | Implementation     | Implementation |
===============================================================================
| mult_x_1           | DW_mult_uns      | apparch (area)     |                |
|                    |                  | mult_arch: and     |                |
| add_x_2            | DW01_inc         | apparch (area)     |                |
| ash_4              | DW_leftsh        | astr (area)        |                |
| lt_x_5             | DW_cmp           | apparch (area)     |                |
| add_x_6            | DW01_inc         | apparch (area)     |                |
| add_x_7            | DW01_add         | apparch (area)     |                |
| sub_x_19           | DW01_sub         | apparch (area)     |                |
| add_x_20           | DW01_add         | apparch (area)     |                |
| ash_21             | DW_leftsh        | astr (area)        |                |
| add_x_22           | DW01_add         | apparch (area)     |                |
| add_x_28           | DW01_add         | apparch (area)     |                |
| U_LZD1             | DW_lzd           | rtl                |                |
| sub_x_33           | DW01_sub         | apparch (area)     |                |
| DP_OP_57J1_122_4183                   |                    |                |
|                    | DP_OP_57J1_122_4183 | str (area)      |                |
===============================================================================

1
