 
****************************************
check_design summary:
Version:     V-2023.12-SP5-3
Date:        Sat Aug 16 15:33:39 2025
****************************************

                   Name                                            Total
--------------------------------------------------------------------------------
Nets                                                                7
    Unloaded nets (LINT-2)                                          7
--------------------------------------------------------------------------------

Warning: In design 'fx_mac', net 'net53' driven by pin 'add_103/Z_0' has no loads. (LINT-2)
Warning: In design 'fx_mac', net 'net52' driven by pin 'add_103/Z_1' has no loads. (LINT-2)
Warning: In design 'fx_mac', net 'net51' driven by pin 'add_103/Z_2' has no loads. (LINT-2)
Warning: In design 'fx_mac', net 'net50' driven by pin 'add_103/Z_3' has no loads. (LINT-2)
Warning: In design 'fx_mac', net 'net49' driven by pin 'C527/Z' has no loads. (LINT-2)
Warning: In design 'fx_mac', net 'net48' driven by pin 'C483/Z' has no loads. (LINT-2)
Warning: In design 'fx_mac', net 'net47' driven by pin 'C472/Z' has no loads. (LINT-2)
1
