
  Linking design 'posit_mac'
  Using the following designs and libraries:
  --------------------------------------------------------------------------
  * (2 designs)               /home/intern9/example/syn_topo/posit_mac.db, etc
  C28SOI_SC_8_CORE_LR_ff28_1.10V_0.00V_1.10V_0.00V_m40C_sadhm (library) /tool/PDK/samsung/LN28FDS_202408/SC/ln28fds_sc_8t_rvt_mainstream_V1.02ae/FE-Common/LIBERTY/CORE/C28SOI_SC_8_CORE_LR_ff28_1.10V_0.00V_1.10V_0.00V_m40C_sadhm.db
  C28SOI_SC_8_CORESPL_LR_ff28_1.10V_0.00V_1.10V_0.00V_m40C_sadhm (library) /tool/PDK/samsung/LN28FDS_202408/SC/ln28fds_sc_8t_rvt_mainstream_V1.02ae/FE-Common/LIBERTY/CORESPL/C28SOI_SC_8_CORESPL_LR_ff28_1.10V_0.00V_1.10V_0.00V_m40C_sadhm.db
  C28SOI_SC_8_PR_LR_ff28_1.10V_0.00V_1.10V_0.00V_m40C (library) /tool/PDK/samsung/LN28FDS_202408/SC/ln28fds_sc_8t_rvt_mainstream_V1.02ae/FE-Common/LIBERTY/PR/C28SOI_SC_8_PR_LR_ff28_1.10V_0.00V_1.10V_0.00V_m40C.db
  C28SOI_SC_8_ECO_LR_ff28_1.10V_0.00V_1.10V_0.00V_m40C_sadhm (library) /tool/PDK/samsung/LN28FDS_202408/SC/ln28fds_sc_8t_rvt_mainstream_V1.02ae/FE-Common/LIBERTY/ECO/C28SOI_SC_8_ECO_LR_ff28_1.10V_0.00V_1.10V_0.00V_m40C_sadhm.db
  C28SOI_SC_8_CLK_LR_ff28_1.10V_0.00V_1.10V_0.00V_m40C_sadhm (library) /tool/PDK/samsung/LN28FDS_202408/SC/ln28fds_sc_8t_rvt_mainstream_V1.02ae/FE-Common/LIBERTY/CLK/C28SOI_SC_8_CLK_LR_ff28_1.10V_0.00V_1.10V_0.00V_m40C_sadhm.db
  C28SOI_SC_8_CORE_LR_ss28_0.90V_0.00V_0.90V_0.00V_125C_sadhm (library) /tool/PDK/samsung/LN28FDS_202408/SC/ln28fds_sc_8t_rvt_mainstream_V1.02ae/FE-Common/LIBERTY/CORE/C28SOI_SC_8_CORE_LR_ss28_0.90V_0.00V_0.90V_0.00V_125C_sadhm.db
  C28SOI_SC_8_CORESPL_LR_ss28_0.90V_0.00V_0.90V_0.00V_125C_sadhm (library) /tool/PDK/samsung/LN28FDS_202408/SC/ln28fds_sc_8t_rvt_mainstream_V1.02ae/FE-Common/LIBERTY/CORESPL/C28SOI_SC_8_CORESPL_LR_ss28_0.90V_0.00V_0.90V_0.00V_125C_sadhm.db
  C28SOI_SC_8_PR_LR_ss28_0.90V_0.00V_0.90V_0.00V_125C (library) /tool/PDK/samsung/LN28FDS_202408/SC/ln28fds_sc_8t_rvt_mainstream_V1.02ae/FE-Common/LIBERTY/PR/C28SOI_SC_8_PR_LR_ss28_0.90V_0.00V_0.90V_0.00V_125C.db
  C28SOI_SC_8_ECO_LR_ss28_0.90V_0.00V_0.90V_0.00V_125C_sadhm (library) /tool/PDK/samsung/LN28FDS_202408/SC/ln28fds_sc_8t_rvt_mainstream_V1.02ae/FE-Common/LIBERTY/ECO/C28SOI_SC_8_ECO_LR_ss28_0.90V_0.00V_0.90V_0.00V_125C_sadhm.db
  C28SOI_SC_8_CLK_LR_ss28_0.90V_0.00V_0.90V_0.00V_125C_sadhm (library) /tool/PDK/samsung/LN28FDS_202408/SC/ln28fds_sc_8t_rvt_mainstream_V1.02ae/FE-Common/LIBERTY/CLK/C28SOI_SC_8_CLK_LR_ss28_0.90V_0.00V_0.90V_0.00V_125C_sadhm.db
  ln28fds_io_lib_t18_ss_sigcmax_0p650v_1p620v_125c (library) /tool/PDK/samsung/LN28FDS_202408/IO/ln28fds_gpio_1p8v_V1.01/FE-Common/LIBERTY/synopsys_is_pad/ln28fds_io_lib_t18_ss_sigcmax_0p650v_1p620v_125c.db
  ln28fds_io_lib_t18_ff_sigcmin_1p100v_1p980v_m40c (library) /tool/PDK/samsung/LN28FDS_202408/IO/ln28fds_gpio_1p8v_V1.01/FE-Common/LIBERTY/synopsys_is_pad/ln28fds_io_lib_t18_ff_sigcmin_1p100v_1p980v_m40c.db
  dw_foundation.sldb (library) /tool/Program/synopsys/syn/V-2023.12-SP5-3/libraries/syn/dw_foundation.sldb

1
