 
****************************************
check_design summary:
Version:     V-2023.12-SP5-3
Date:        Wed Aug 20 13:59:26 2025
****************************************

                   Name                                            Total
--------------------------------------------------------------------------------
Nets                                                              240
    Unloaded nets (LINT-2)                                        240
--------------------------------------------------------------------------------

Warning: In design 'posit_mac', net 'u_decode_d/net2718' driven by pin 'u_decode_d/sll_82_S2/Z_0' has no loads. (LINT-2)
Warning: In design 'posit_mac', net 'u_decode_d/net2717' driven by pin 'u_decode_d/sll_82_S2/Z_1' has no loads. (LINT-2)
Warning: In design 'posit_mac', net 'u_decode_d/net2716' driven by pin 'u_decode_d/sll_83/Z_0' has no loads. (LINT-2)
Warning: In design 'posit_mac', net 'u_decode_d/net2715' driven by pin 'u_decode_d/sll_83/Z_1' has no loads. (LINT-2)
Warning: In design 'posit_mac', net 'u_decode_d/net2714' driven by pin 'u_decode_d/sub_82/Z_0' has no loads. (LINT-2)
Warning: In design 'posit_mac', net 'u_decode_d/net2713' driven by pin 'u_decode_d/C311/Z' has no loads. (LINT-2)
Warning: In design 'posit_mac', net 'u_decode_d/net2712' driven by pin 'u_decode_d/C310/Z' has no loads. (LINT-2)
Warning: In design 'posit_mac', net 'u_decode_d/net2711' driven by pin 'u_decode_d/C292/Z' has no loads. (LINT-2)
Warning: In design 'posit_mac', net 'u_decode_d/in_lzd_oh[0]' driven by pin 'u_decode_d/U_LZD1/dec_0' has no loads. (LINT-2)
Warning: In design 'posit_mac', net 'u_decode_d/in_lzd_oh[1]' driven by pin 'u_decode_d/U_LZD1/dec_1' has no loads. (LINT-2)
Warning: In design 'posit_mac', net 'u_decode_d/in_lzd_oh[2]' driven by pin 'u_decode_d/U_LZD1/dec_2' has no loads. (LINT-2)
Warning: In design 'posit_mac', net 'u_decode_d/in_lzd_oh[3]' driven by pin 'u_decode_d/U_LZD1/dec_3' has no loads. (LINT-2)
Warning: In design 'posit_mac', net 'u_decode_d/in_lzd_oh[4]' driven by pin 'u_decode_d/U_LZD1/dec_4' has no loads. (LINT-2)
Warning: In design 'posit_mac', net 'u_decode_d/in_lzd_oh[5]' driven by pin 'u_decode_d/U_LZD1/dec_5' has no loads. (LINT-2)
Warning: In design 'posit_mac', net 'u_decode_d/in_lzd_oh[6]' driven by pin 'u_decode_d/U_LZD1/dec_6' has no loads. (LINT-2)
Warning: In design 'posit_mac', net 'net279' driven by pin 'sll_217/Z_0' has no loads. (LINT-2)
Warning: In design 'posit_mac', net 'net278' driven by pin 'sll_217/Z_1' has no loads. (LINT-2)
Warning: In design 'posit_mac', net 'net277' driven by pin 'sll_217/Z_2' has no loads. (LINT-2)
Warning: In design 'posit_mac', net 'net276' driven by pin 'sll_217/Z_3' has no loads. (LINT-2)
Warning: In design 'posit_mac', net 'net275' driven by pin 'sll_217/Z_4' has no loads. (LINT-2)
Warning: In design 'posit_mac', net 'net274' driven by pin 'sll_217/Z_5' has no loads. (LINT-2)
Warning: In design 'posit_mac', net 'net273' driven by pin 'sll_217/Z_6' has no loads. (LINT-2)
Warning: In design 'posit_mac', net 'net272' driven by pin 'sll_217/Z_7' has no loads. (LINT-2)
Warning: In design 'posit_mac', net 'net271' driven by pin 'sll_217/Z_8' has no loads. (LINT-2)
Warning: In design 'posit_mac', net 'net270' driven by pin 'sll_217/Z_9' has no loads. (LINT-2)
Warning: In design 'posit_mac', net 'net269' driven by pin 'sll_217/Z_10' has no loads. (LINT-2)
Warning: In design 'posit_mac', net 'net268' driven by pin 'sll_217/Z_11' has no loads. (LINT-2)
Warning: In design 'posit_mac', net 'net267' driven by pin 'sll_217/Z_12' has no loads. (LINT-2)
Warning: In design 'posit_mac', net 'net266' driven by pin 'sll_217/Z_13' has no loads. (LINT-2)
Warning: In design 'posit_mac', net 'net265' driven by pin 'sll_217/Z_14' has no loads. (LINT-2)
Warning: In design 'posit_mac', net 'net264' driven by pin 'sll_217/Z_15' has no loads. (LINT-2)
Warning: In design 'posit_mac', net 'net263' driven by pin 'sll_217/Z_16' has no loads. (LINT-2)
Warning: In design 'posit_mac', net 'net262' driven by pin 'sll_217/Z_17' has no loads. (LINT-2)
Warning: In design 'posit_mac', net 'net261' driven by pin 'sll_217/Z_18' has no loads. (LINT-2)
Warning: In design 'posit_mac', net 'net260' driven by pin 'sll_217/Z_19' has no loads. (LINT-2)
Warning: In design 'posit_mac', net 'net259' driven by pin 'sll_217/Z_20' has no loads. (LINT-2)
Warning: In design 'posit_mac', net 'net258' driven by pin 'sll_217/Z_21' has no loads. (LINT-2)
Warning: In design 'posit_mac', net 'net257' driven by pin 'sll_217/Z_22' has no loads. (LINT-2)
Warning: In design 'posit_mac', net 'net256' driven by pin 'sll_217/Z_23' has no loads. (LINT-2)
Warning: In design 'posit_mac', net 'net255' driven by pin 'sll_217/Z_24' has no loads. (LINT-2)
Warning: In design 'posit_mac', net 'net254' driven by pin 'sll_217/Z_25' has no loads. (LINT-2)
Warning: In design 'posit_mac', net 'net253' driven by pin 'sll_217/Z_26' has no loads. (LINT-2)
Warning: In design 'posit_mac', net 'net252' driven by pin 'sll_217/Z_27' has no loads. (LINT-2)
Warning: In design 'posit_mac', net 'net251' driven by pin 'sll_217/Z_28' has no loads. (LINT-2)
Warning: In design 'posit_mac', net 'net250' driven by pin 'sll_217/Z_29' has no loads. (LINT-2)
Warning: In design 'posit_mac', net 'net249' driven by pin 'sll_217/Z_30' has no loads. (LINT-2)
Warning: In design 'posit_mac', net 'net248' driven by pin 'sll_217/Z_31' has no loads. (LINT-2)
Warning: In design 'posit_mac', net 'net247' driven by pin 'sll_217/Z_32' has no loads. (LINT-2)
Warning: In design 'posit_mac', net 'net246' driven by pin 'sll_217/Z_33' has no loads. (LINT-2)
Warning: In design 'posit_mac', net 'net245' driven by pin 'sll_217/Z_34' has no loads. (LINT-2)
Warning: In design 'posit_mac', net 'net244' driven by pin 'sll_217/Z_35' has no loads. (LINT-2)
Warning: In design 'posit_mac', net 'net243' driven by pin 'sll_217/Z_36' has no loads. (LINT-2)
Warning: In design 'posit_mac', net 'net242' driven by pin 'sll_217/Z_37' has no loads. (LINT-2)
Warning: In design 'posit_mac', net 'net241' driven by pin 'sll_217/Z_38' has no loads. (LINT-2)
Warning: In design 'posit_mac', net 'net240' driven by pin 'sll_217/Z_39' has no loads. (LINT-2)
Warning: In design 'posit_mac', net 'net239' driven by pin 'sll_217/Z_40' has no loads. (LINT-2)
Warning: In design 'posit_mac', net 'net238' driven by pin 'sll_217/Z_41' has no loads. (LINT-2)
Warning: In design 'posit_mac', net 'net237' driven by pin 'sll_217/Z_42' has no loads. (LINT-2)
Warning: In design 'posit_mac', net 'net236' driven by pin 'sll_217/Z_43' has no loads. (LINT-2)
Warning: In design 'posit_mac', net 'net235' driven by pin 'sll_217/Z_44' has no loads. (LINT-2)
Warning: In design 'posit_mac', net 'net234' driven by pin 'sll_217/Z_45' has no loads. (LINT-2)
Warning: In design 'posit_mac', net 'net233' driven by pin 'sll_217/Z_46' has no loads. (LINT-2)
Warning: In design 'posit_mac', net 'net232' driven by pin 'sll_217/Z_47' has no loads. (LINT-2)
Warning: In design 'posit_mac', net 'net231' driven by pin 'sll_217/Z_48' has no loads. (LINT-2)
Warning: In design 'posit_mac', net 'net230' driven by pin 'sll_217/Z_49' has no loads. (LINT-2)
Warning: In design 'posit_mac', net 'net229' driven by pin 'sll_217/Z_50' has no loads. (LINT-2)
Warning: In design 'posit_mac', net 'net228' driven by pin 'sll_217/Z_51' has no loads. (LINT-2)
Warning: In design 'posit_mac', net 'net227' driven by pin 'sll_217/Z_52' has no loads. (LINT-2)
Warning: In design 'posit_mac', net 'net226' driven by pin 'sll_217/Z_53' has no loads. (LINT-2)
Warning: In design 'posit_mac', net 'net225' driven by pin 'sll_217/Z_54' has no loads. (LINT-2)
Warning: In design 'posit_mac', net 'net224' driven by pin 'sll_217/Z_55' has no loads. (LINT-2)
Warning: In design 'posit_mac', net 'net223' driven by pin 'sll_217/Z_56' has no loads. (LINT-2)
Warning: In design 'posit_mac', net 'net222' driven by pin 'sll_217/Z_57' has no loads. (LINT-2)
Warning: In design 'posit_mac', net 'net221' driven by pin 'sll_217/Z_58' has no loads. (LINT-2)
Warning: In design 'posit_mac', net 'net220' driven by pin 'sll_217/Z_59' has no loads. (LINT-2)
Warning: In design 'posit_mac', net 'net219' driven by pin 'sll_217/Z_60' has no loads. (LINT-2)
Warning: In design 'posit_mac', net 'net218' driven by pin 'sll_217/Z_61' has no loads. (LINT-2)
Warning: In design 'posit_mac', net 'net217' driven by pin 'sll_217/Z_62' has no loads. (LINT-2)
Warning: In design 'posit_mac', net 'net216' driven by pin 'sll_217/Z_63' has no loads. (LINT-2)
Warning: In design 'posit_mac', net 'net215' driven by pin 'sll_217/Z_64' has no loads. (LINT-2)
Warning: In design 'posit_mac', net 'net214' driven by pin 'sll_217/Z_65' has no loads. (LINT-2)
Warning: In design 'posit_mac', net 'net213' driven by pin 'sll_217/Z_66' has no loads. (LINT-2)
Warning: In design 'posit_mac', net 'net212' driven by pin 'sll_217/Z_67' has no loads. (LINT-2)
Warning: In design 'posit_mac', net 'net211' driven by pin 'sll_217/Z_68' has no loads. (LINT-2)
Warning: In design 'posit_mac', net 'net210' driven by pin 'sll_217/Z_69' has no loads. (LINT-2)
Warning: In design 'posit_mac', net 'net209' driven by pin 'sll_217/Z_70' has no loads. (LINT-2)
Warning: In design 'posit_mac', net 'net208' driven by pin 'sll_217/Z_71' has no loads. (LINT-2)
Warning: In design 'posit_mac', net 'net207' driven by pin 'sll_217/Z_72' has no loads. (LINT-2)
Warning: In design 'posit_mac', net 'net206' driven by pin 'sll_217/Z_73' has no loads. (LINT-2)
Warning: In design 'posit_mac', net 'net205' driven by pin 'sll_217/Z_74' has no loads. (LINT-2)
Warning: In design 'posit_mac', net 'net204' driven by pin 'sll_217/Z_75' has no loads. (LINT-2)
Warning: In design 'posit_mac', net 'net203' driven by pin 'sll_217/Z_76' has no loads. (LINT-2)
Warning: In design 'posit_mac', net 'net202' driven by pin 'sll_217/Z_77' has no loads. (LINT-2)
Warning: In design 'posit_mac', net 'net201' driven by pin 'sll_217/Z_78' has no loads. (LINT-2)
Warning: In design 'posit_mac', net 'net200' driven by pin 'sll_217/Z_79' has no loads. (LINT-2)
Warning: In design 'posit_mac', net 'net199' driven by pin 'sll_217/Z_80' has no loads. (LINT-2)
Warning: In design 'posit_mac', net 'net198' driven by pin 'sll_217/Z_81' has no loads. (LINT-2)
Warning: In design 'posit_mac', net 'net197' driven by pin 'sll_217/Z_82' has no loads. (LINT-2)
Warning: In design 'posit_mac', net 'net196' driven by pin 'sll_217/Z_83' has no loads. (LINT-2)
Warning: In design 'posit_mac', net 'net195' driven by pin 'sll_217/Z_84' has no loads. (LINT-2)
Warning: In design 'posit_mac', net 'net194' driven by pin 'sll_217/Z_85' has no loads. (LINT-2)
Warning: In design 'posit_mac', net 'net193' driven by pin 'sll_217/Z_86' has no loads. (LINT-2)
Warning: In design 'posit_mac', net 'net192' driven by pin 'sll_217/Z_87' has no loads. (LINT-2)
Warning: In design 'posit_mac', net 'net191' driven by pin 'sll_217/Z_88' has no loads. (LINT-2)
Warning: In design 'posit_mac', net 'net190' driven by pin 'sll_217/Z_89' has no loads. (LINT-2)
Warning: In design 'posit_mac', net 'net189' driven by pin 'sll_217/Z_90' has no loads. (LINT-2)
Warning: In design 'posit_mac', net 'net188' driven by pin 'sll_217/Z_91' has no loads. (LINT-2)
Warning: In design 'posit_mac', net 'net187' driven by pin 'sll_217/Z_92' has no loads. (LINT-2)
Warning: In design 'posit_mac', net 'net186' driven by pin 'sll_217/Z_93' has no loads. (LINT-2)
Warning: In design 'posit_mac', net 'net185' driven by pin 'C3448/Z' has no loads. (LINT-2)
Warning: In design 'posit_mac', net 'net184' driven by pin 'C3461/Z' has no loads. (LINT-2)
Warning: In design 'posit_mac', net 'net183' driven by pin 'C3394/Z' has no loads. (LINT-2)
Warning: In design 'posit_mac', net 'net182' driven by pin 'C3393/Z' has no loads. (LINT-2)
Warning: In design 'posit_mac', net 'net181' driven by pin 'C3387/Z' has no loads. (LINT-2)
Warning: In design 'posit_mac', net 'net180' driven by pin 'C3356/Z' has no loads. (LINT-2)
Warning: In design 'posit_mac', net 'net179' driven by pin 'C3337/Z' has no loads. (LINT-2)
Warning: In design 'posit_mac', net 'net178' driven by pin 'C3334/Z' has no loads. (LINT-2)
Warning: In design 'posit_mac', net 'net177' driven by pin 'C3320/Z' has no loads. (LINT-2)
Warning: In design 'posit_mac', net 'net176' driven by pin 'C3306/Z' has no loads. (LINT-2)
Warning: In design 'posit_mac', net 'net175' driven by pin 'C3292/Z' has no loads. (LINT-2)
Warning: In design 'posit_mac', net 'net174' driven by pin 'C3290/Z' has no loads. (LINT-2)
Warning: In design 'posit_mac', net 'net173' driven by pin 'C3286/Z' has no loads. (LINT-2)
Warning: In design 'posit_mac', net 'net172' driven by pin 'C3277/Z' has no loads. (LINT-2)
Warning: In design 'posit_mac', net 'acc_mag_oh[0]' driven by pin 'U_LZD0/dec_0' has no loads. (LINT-2)
Warning: In design 'posit_mac', net 'acc_mag_oh[1]' driven by pin 'U_LZD0/dec_1' has no loads. (LINT-2)
Warning: In design 'posit_mac', net 'acc_mag_oh[2]' driven by pin 'U_LZD0/dec_2' has no loads. (LINT-2)
Warning: In design 'posit_mac', net 'acc_mag_oh[3]' driven by pin 'U_LZD0/dec_3' has no loads. (LINT-2)
Warning: In design 'posit_mac', net 'acc_mag_oh[4]' driven by pin 'U_LZD0/dec_4' has no loads. (LINT-2)
Warning: In design 'posit_mac', net 'acc_mag_oh[5]' driven by pin 'U_LZD0/dec_5' has no loads. (LINT-2)
Warning: In design 'posit_mac', net 'acc_mag_oh[6]' driven by pin 'U_LZD0/dec_6' has no loads. (LINT-2)
Warning: In design 'posit_mac', net 'acc_mag_oh[7]' driven by pin 'U_LZD0/dec_7' has no loads. (LINT-2)
Warning: In design 'posit_mac', net 'acc_mag_oh[8]' driven by pin 'U_LZD0/dec_8' has no loads. (LINT-2)
Warning: In design 'posit_mac', net 'acc_mag_oh[9]' driven by pin 'U_LZD0/dec_9' has no loads. (LINT-2)
Warning: In design 'posit_mac', net 'acc_mag_oh[10]' driven by pin 'U_LZD0/dec_10' has no loads. (LINT-2)
Warning: In design 'posit_mac', net 'acc_mag_oh[11]' driven by pin 'U_LZD0/dec_11' has no loads. (LINT-2)
Warning: In design 'posit_mac', net 'acc_mag_oh[12]' driven by pin 'U_LZD0/dec_12' has no loads. (LINT-2)
Warning: In design 'posit_mac', net 'acc_mag_oh[13]' driven by pin 'U_LZD0/dec_13' has no loads. (LINT-2)
Warning: In design 'posit_mac', net 'acc_mag_oh[14]' driven by pin 'U_LZD0/dec_14' has no loads. (LINT-2)
Warning: In design 'posit_mac', net 'acc_mag_oh[15]' driven by pin 'U_LZD0/dec_15' has no loads. (LINT-2)
Warning: In design 'posit_mac', net 'acc_mag_oh[16]' driven by pin 'U_LZD0/dec_16' has no loads. (LINT-2)
Warning: In design 'posit_mac', net 'acc_mag_oh[17]' driven by pin 'U_LZD0/dec_17' has no loads. (LINT-2)
Warning: In design 'posit_mac', net 'acc_mag_oh[18]' driven by pin 'U_LZD0/dec_18' has no loads. (LINT-2)
Warning: In design 'posit_mac', net 'acc_mag_oh[19]' driven by pin 'U_LZD0/dec_19' has no loads. (LINT-2)
Warning: In design 'posit_mac', net 'acc_mag_oh[20]' driven by pin 'U_LZD0/dec_20' has no loads. (LINT-2)
Warning: In design 'posit_mac', net 'acc_mag_oh[21]' driven by pin 'U_LZD0/dec_21' has no loads. (LINT-2)
Warning: In design 'posit_mac', net 'acc_mag_oh[22]' driven by pin 'U_LZD0/dec_22' has no loads. (LINT-2)
Warning: In design 'posit_mac', net 'acc_mag_oh[23]' driven by pin 'U_LZD0/dec_23' has no loads. (LINT-2)
Warning: In design 'posit_mac', net 'acc_mag_oh[24]' driven by pin 'U_LZD0/dec_24' has no loads. (LINT-2)
Warning: In design 'posit_mac', net 'acc_mag_oh[25]' driven by pin 'U_LZD0/dec_25' has no loads. (LINT-2)
Warning: In design 'posit_mac', net 'acc_mag_oh[26]' driven by pin 'U_LZD0/dec_26' has no loads. (LINT-2)
Warning: In design 'posit_mac', net 'acc_mag_oh[27]' driven by pin 'U_LZD0/dec_27' has no loads. (LINT-2)
Warning: In design 'posit_mac', net 'acc_mag_oh[28]' driven by pin 'U_LZD0/dec_28' has no loads. (LINT-2)
Warning: In design 'posit_mac', net 'acc_mag_oh[29]' driven by pin 'U_LZD0/dec_29' has no loads. (LINT-2)
Warning: In design 'posit_mac', net 'acc_mag_oh[30]' driven by pin 'U_LZD0/dec_30' has no loads. (LINT-2)
Warning: In design 'posit_mac', net 'acc_mag_oh[31]' driven by pin 'U_LZD0/dec_31' has no loads. (LINT-2)
Warning: In design 'posit_mac', net 'acc_mag_oh[32]' driven by pin 'U_LZD0/dec_32' has no loads. (LINT-2)
Warning: In design 'posit_mac', net 'acc_mag_oh[33]' driven by pin 'U_LZD0/dec_33' has no loads. (LINT-2)
Warning: In design 'posit_mac', net 'acc_mag_oh[34]' driven by pin 'U_LZD0/dec_34' has no loads. (LINT-2)
Warning: In design 'posit_mac', net 'acc_mag_oh[35]' driven by pin 'U_LZD0/dec_35' has no loads. (LINT-2)
Warning: In design 'posit_mac', net 'acc_mag_oh[36]' driven by pin 'U_LZD0/dec_36' has no loads. (LINT-2)
Warning: In design 'posit_mac', net 'acc_mag_oh[37]' driven by pin 'U_LZD0/dec_37' has no loads. (LINT-2)
Warning: In design 'posit_mac', net 'acc_mag_oh[38]' driven by pin 'U_LZD0/dec_38' has no loads. (LINT-2)
Warning: In design 'posit_mac', net 'acc_mag_oh[39]' driven by pin 'U_LZD0/dec_39' has no loads. (LINT-2)
Warning: In design 'posit_mac', net 'acc_mag_oh[40]' driven by pin 'U_LZD0/dec_40' has no loads. (LINT-2)
Warning: In design 'posit_mac', net 'acc_mag_oh[41]' driven by pin 'U_LZD0/dec_41' has no loads. (LINT-2)
Warning: In design 'posit_mac', net 'acc_mag_oh[42]' driven by pin 'U_LZD0/dec_42' has no loads. (LINT-2)
Warning: In design 'posit_mac', net 'acc_mag_oh[43]' driven by pin 'U_LZD0/dec_43' has no loads. (LINT-2)
Warning: In design 'posit_mac', net 'acc_mag_oh[44]' driven by pin 'U_LZD0/dec_44' has no loads. (LINT-2)
Warning: In design 'posit_mac', net 'acc_mag_oh[45]' driven by pin 'U_LZD0/dec_45' has no loads. (LINT-2)
Warning: In design 'posit_mac', net 'acc_mag_oh[46]' driven by pin 'U_LZD0/dec_46' has no loads. (LINT-2)
Warning: In design 'posit_mac', net 'acc_mag_oh[47]' driven by pin 'U_LZD0/dec_47' has no loads. (LINT-2)
Warning: In design 'posit_mac', net 'acc_mag_oh[48]' driven by pin 'U_LZD0/dec_48' has no loads. (LINT-2)
Warning: In design 'posit_mac', net 'acc_mag_oh[49]' driven by pin 'U_LZD0/dec_49' has no loads. (LINT-2)
Warning: In design 'posit_mac', net 'acc_mag_oh[50]' driven by pin 'U_LZD0/dec_50' has no loads. (LINT-2)
Warning: In design 'posit_mac', net 'acc_mag_oh[51]' driven by pin 'U_LZD0/dec_51' has no loads. (LINT-2)
Warning: In design 'posit_mac', net 'acc_mag_oh[52]' driven by pin 'U_LZD0/dec_52' has no loads. (LINT-2)
Warning: In design 'posit_mac', net 'acc_mag_oh[53]' driven by pin 'U_LZD0/dec_53' has no loads. (LINT-2)
Warning: In design 'posit_mac', net 'acc_mag_oh[54]' driven by pin 'U_LZD0/dec_54' has no loads. (LINT-2)
Warning: In design 'posit_mac', net 'acc_mag_oh[55]' driven by pin 'U_LZD0/dec_55' has no loads. (LINT-2)
Warning: In design 'posit_mac', net 'acc_mag_oh[56]' driven by pin 'U_LZD0/dec_56' has no loads. (LINT-2)
Warning: In design 'posit_mac', net 'acc_mag_oh[57]' driven by pin 'U_LZD0/dec_57' has no loads. (LINT-2)
Warning: In design 'posit_mac', net 'acc_mag_oh[58]' driven by pin 'U_LZD0/dec_58' has no loads. (LINT-2)
Warning: In design 'posit_mac', net 'acc_mag_oh[59]' driven by pin 'U_LZD0/dec_59' has no loads. (LINT-2)
Warning: In design 'posit_mac', net 'acc_mag_oh[60]' driven by pin 'U_LZD0/dec_60' has no loads. (LINT-2)
Warning: In design 'posit_mac', net 'acc_mag_oh[61]' driven by pin 'U_LZD0/dec_61' has no loads. (LINT-2)
Warning: In design 'posit_mac', net 'acc_mag_oh[62]' driven by pin 'U_LZD0/dec_62' has no loads. (LINT-2)
Warning: In design 'posit_mac', net 'acc_mag_oh[63]' driven by pin 'U_LZD0/dec_63' has no loads. (LINT-2)
Warning: In design 'posit_mac', net 'acc_mag_oh[64]' driven by pin 'U_LZD0/dec_64' has no loads. (LINT-2)
Warning: In design 'posit_mac', net 'acc_mag_oh[65]' driven by pin 'U_LZD0/dec_65' has no loads. (LINT-2)
Warning: In design 'posit_mac', net 'acc_mag_oh[66]' driven by pin 'U_LZD0/dec_66' has no loads. (LINT-2)
Warning: In design 'posit_mac', net 'acc_mag_oh[67]' driven by pin 'U_LZD0/dec_67' has no loads. (LINT-2)
Warning: In design 'posit_mac', net 'acc_mag_oh[68]' driven by pin 'U_LZD0/dec_68' has no loads. (LINT-2)
Warning: In design 'posit_mac', net 'acc_mag_oh[69]' driven by pin 'U_LZD0/dec_69' has no loads. (LINT-2)
Warning: In design 'posit_mac', net 'acc_mag_oh[70]' driven by pin 'U_LZD0/dec_70' has no loads. (LINT-2)
Warning: In design 'posit_mac', net 'acc_mag_oh[71]' driven by pin 'U_LZD0/dec_71' has no loads. (LINT-2)
Warning: In design 'posit_mac', net 'acc_mag_oh[72]' driven by pin 'U_LZD0/dec_72' has no loads. (LINT-2)
Warning: In design 'posit_mac', net 'acc_mag_oh[73]' driven by pin 'U_LZD0/dec_73' has no loads. (LINT-2)
Warning: In design 'posit_mac', net 'acc_mag_oh[74]' driven by pin 'U_LZD0/dec_74' has no loads. (LINT-2)
Warning: In design 'posit_mac', net 'acc_mag_oh[75]' driven by pin 'U_LZD0/dec_75' has no loads. (LINT-2)
Warning: In design 'posit_mac', net 'acc_mag_oh[76]' driven by pin 'U_LZD0/dec_76' has no loads. (LINT-2)
Warning: In design 'posit_mac', net 'acc_mag_oh[77]' driven by pin 'U_LZD0/dec_77' has no loads. (LINT-2)
Warning: In design 'posit_mac', net 'acc_mag_oh[78]' driven by pin 'U_LZD0/dec_78' has no loads. (LINT-2)
Warning: In design 'posit_mac', net 'acc_mag_oh[79]' driven by pin 'U_LZD0/dec_79' has no loads. (LINT-2)
Warning: In design 'posit_mac', net 'acc_mag_oh[80]' driven by pin 'U_LZD0/dec_80' has no loads. (LINT-2)
Warning: In design 'posit_mac', net 'acc_mag_oh[81]' driven by pin 'U_LZD0/dec_81' has no loads. (LINT-2)
Warning: In design 'posit_mac', net 'acc_mag_oh[82]' driven by pin 'U_LZD0/dec_82' has no loads. (LINT-2)
Warning: In design 'posit_mac', net 'acc_mag_oh[83]' driven by pin 'U_LZD0/dec_83' has no loads. (LINT-2)
Warning: In design 'posit_mac', net 'acc_mag_oh[84]' driven by pin 'U_LZD0/dec_84' has no loads. (LINT-2)
Warning: In design 'posit_mac', net 'acc_mag_oh[85]' driven by pin 'U_LZD0/dec_85' has no loads. (LINT-2)
Warning: In design 'posit_mac', net 'acc_mag_oh[86]' driven by pin 'U_LZD0/dec_86' has no loads. (LINT-2)
Warning: In design 'posit_mac', net 'acc_mag_oh[87]' driven by pin 'U_LZD0/dec_87' has no loads. (LINT-2)
Warning: In design 'posit_mac', net 'acc_mag_oh[88]' driven by pin 'U_LZD0/dec_88' has no loads. (LINT-2)
Warning: In design 'posit_mac', net 'acc_mag_oh[89]' driven by pin 'U_LZD0/dec_89' has no loads. (LINT-2)
Warning: In design 'posit_mac', net 'acc_mag_oh[90]' driven by pin 'U_LZD0/dec_90' has no loads. (LINT-2)
Warning: In design 'posit_mac', net 'acc_mag_oh[91]' driven by pin 'U_LZD0/dec_91' has no loads. (LINT-2)
Warning: In design 'posit_mac', net 'acc_mag_oh[92]' driven by pin 'U_LZD0/dec_92' has no loads. (LINT-2)
Warning: In design 'posit_mac', net 'acc_mag_oh[93]' driven by pin 'U_LZD0/dec_93' has no loads. (LINT-2)
Warning: In design 'posit_mac', net 'acc_mag_oh[94]' driven by pin 'U_LZD0/dec_94' has no loads. (LINT-2)
Warning: In design 'posit_mac', net 'acc_mag_oh[95]' driven by pin 'U_LZD0/dec_95' has no loads. (LINT-2)
Warning: In design 'posit_mac', net 'acc_mag_oh[96]' driven by pin 'U_LZD0/dec_96' has no loads. (LINT-2)
Warning: In design 'posit_mac', net 'acc_mag_oh[97]' driven by pin 'U_LZD0/dec_97' has no loads. (LINT-2)
Warning: In design 'posit_mac', net 'acc_mag_oh[98]' driven by pin 'U_LZD0/dec_98' has no loads. (LINT-2)
Warning: In design 'posit_mac', net 'acc_mag_oh[99]' driven by pin 'U_LZD0/dec_99' has no loads. (LINT-2)
Warning: In design 'posit_mac', net 'acc_mag_oh[100]' driven by pin 'U_LZD0/dec_100' has no loads. (LINT-2)
Warning: In design 'posit_mac', net 'acc_mag_oh[101]' driven by pin 'U_LZD0/dec_101' has no loads. (LINT-2)
Warning: In design 'posit_mac', net 'u_decode_w/net2426' driven by pin 'u_decode_w/sll_82_S2/Z_0' has no loads. (LINT-2)
Warning: In design 'posit_mac', net 'u_decode_w/net2425' driven by pin 'u_decode_w/sll_82_S2/Z_1' has no loads. (LINT-2)
Warning: In design 'posit_mac', net 'u_decode_w/net2424' driven by pin 'u_decode_w/sll_83/Z_0' has no loads. (LINT-2)
Warning: In design 'posit_mac', net 'u_decode_w/net2423' driven by pin 'u_decode_w/sll_83/Z_1' has no loads. (LINT-2)
Warning: In design 'posit_mac', net 'u_decode_w/net2422' driven by pin 'u_decode_w/sub_82/Z_0' has no loads. (LINT-2)
Warning: In design 'posit_mac', net 'u_decode_w/net2421' driven by pin 'u_decode_w/C311/Z' has no loads. (LINT-2)
Warning: In design 'posit_mac', net 'u_decode_w/net2420' driven by pin 'u_decode_w/C310/Z' has no loads. (LINT-2)
Warning: In design 'posit_mac', net 'u_decode_w/net2419' driven by pin 'u_decode_w/C292/Z' has no loads. (LINT-2)
Warning: In design 'posit_mac', net 'u_decode_w/in_lzd_oh[0]' driven by pin 'u_decode_w/U_LZD1/dec_0' has no loads. (LINT-2)
Warning: In design 'posit_mac', net 'u_decode_w/in_lzd_oh[1]' driven by pin 'u_decode_w/U_LZD1/dec_1' has no loads. (LINT-2)
Warning: In design 'posit_mac', net 'u_decode_w/in_lzd_oh[2]' driven by pin 'u_decode_w/U_LZD1/dec_2' has no loads. (LINT-2)
Warning: In design 'posit_mac', net 'u_decode_w/in_lzd_oh[3]' driven by pin 'u_decode_w/U_LZD1/dec_3' has no loads. (LINT-2)
Warning: In design 'posit_mac', net 'u_decode_w/in_lzd_oh[4]' driven by pin 'u_decode_w/U_LZD1/dec_4' has no loads. (LINT-2)
Warning: In design 'posit_mac', net 'u_decode_w/in_lzd_oh[5]' driven by pin 'u_decode_w/U_LZD1/dec_5' has no loads. (LINT-2)
Warning: In design 'posit_mac', net 'u_decode_w/in_lzd_oh[6]' driven by pin 'u_decode_w/U_LZD1/dec_6' has no loads. (LINT-2)
1
