 
****************************************
Report : area
Design : posit_mac
Version: V-2023.12-SP5-3
Date   : Wed Aug 20 14:07:28 2025
****************************************

Library(s) Used:

    C28SOI_SC_8_PR_LR_ss28_0.90V_0.00V_0.90V_0.00V_125C (File: /tool/PDK/samsung/LN28FDS_202408/SC/ln28fds_sc_8t_rvt_mainstream_V1.02ae/FE-Common/LIBERTY/PR/C28SOI_SC_8_PR_LR_ss28_0.90V_0.00V_0.90V_0.00V_125C.db)
    C28SOI_SC_8_CLK_LR_ss28_0.90V_0.00V_0.90V_0.00V_125C_sadhm (File: /tool/PDK/samsung/LN28FDS_202408/SC/ln28fds_sc_8t_rvt_mainstream_V1.02ae/FE-Common/LIBERTY/CLK/C28SOI_SC_8_CLK_LR_ss28_0.90V_0.00V_0.90V_0.00V_125C_sadhm.db)
    C28SOI_SC_8_CORE_LR_ss28_0.90V_0.00V_0.90V_0.00V_125C_sadhm (File: /tool/PDK/samsung/LN28FDS_202408/SC/ln28fds_sc_8t_rvt_mainstream_V1.02ae/FE-Common/LIBERTY/CORE/C28SOI_SC_8_CORE_LR_ss28_0.90V_0.00V_0.90V_0.00V_125C_sadhm.db)
    C28SOI_SC_8_CORESPL_LR_ss28_0.90V_0.00V_0.90V_0.00V_125C_sadhm (File: /tool/PDK/samsung/LN28FDS_202408/SC/ln28fds_sc_8t_rvt_mainstream_V1.02ae/FE-Common/LIBERTY/CORESPL/C28SOI_SC_8_CORESPL_LR_ss28_0.90V_0.00V_0.90V_0.00V_125C_sadhm.db)

Number of ports:                          128
Number of nets:                          2870
Number of cells:                         2656
Number of combinational cells:           2103
Number of sequential cells:               538
Number of macros/black boxes:               0
Number of buf/inv:                        219
Number of references:                      72

Combinational area:               1221.932833
Buf/Inv area:                       52.224001
Noncombinational area:            1220.736027
Macro/Black Box area:                0.000000
Net Interconnect area:      undefined  (No wire load specified)

Total cell area:                  2442.668860
Total area:                 undefined

Core Area:                      3953
Aspect Ratio:                 1.0102
Utilization Ratio:            0.6178


The above information was reported from the logical library. The following are from the physical library:

  Total moveable cell area: 2442.7
  Total fixed cell area: 0.0
  Total physical cell area: 2442.7
 Core area: 0.000, 0.000, 62.560, 63.200

Hierarchical area distribution
------------------------------

                                  Global cell area          Local cell area
                                  ------------------  ---------------------------- 
Hierarchical cell                 Absolute   Percent  Combi-     Noncombi-  Black-
                                  Total      Total    national   national   boxes   Design
--------------------------------  ---------  -------  ---------  ---------  ------  ---------------------------------
posit_mac                         2442.6689    100.0  1139.6800  1030.4448  0.0000  posit_mac
clk_gate_acc_o_tmp_reg_1             1.6320      0.1     0.0000     1.6320  0.0000  SNPS_CLOCK_GATE_HIGH_posit_mac_13
clk_gate_counter_reg                 1.6320      0.1     0.0000     1.6320  0.0000  SNPS_CLOCK_GATE_HIGH_posit_mac_9
clk_gate_mts_fx_reg_0                1.6320      0.1     0.0000     1.6320  0.0000  SNPS_CLOCK_GATE_HIGH_posit_mac_11
clk_gate_sf_bias_reg_0               1.6320      0.1     0.0000     1.6320  0.0000  SNPS_CLOCK_GATE_HIGH_posit_mac_10
clk_gate_sign_m_reg                  1.6320      0.1     0.0000     1.6320  0.0000  SNPS_CLOCK_GATE_HIGH_posit_mac_0
clk_gate_tmp_pos_reg_1               1.6320      0.1     0.0000     1.6320  0.0000  SNPS_CLOCK_GATE_HIGH_posit_mac_15
clk_gate_tmp_reg_1                   1.6320      0.1     0.0000     1.6320  0.0000  SNPS_CLOCK_GATE_HIGH_posit_mac_16
clk_gate_vld_o_tmp_reg               1.6320      0.1     0.0000     1.6320  0.0000  SNPS_CLOCK_GATE_HIGH_posit_mac_14
clk_gate_zc_i_reg_1                  1.6320      0.1     0.0000     1.6320  0.0000  SNPS_CLOCK_GATE_HIGH_posit_mac_12
u_decode_d                         128.7104      5.3    40.9088    84.5376  0.0000  decoder_0
u_decode_d/clk_gate_in_mag_tmp_reg    1.6320     0.1     0.0000     1.6320  0.0000  SNPS_CLOCK_GATE_HIGH_decoder_0_1
u_decode_d/clk_gate_out_vld_reg_0    1.6320      0.1     0.0000     1.6320  0.0000  SNPS_CLOCK_GATE_HIGH_decoder_0_0
u_decode_w                         129.1456      5.3    41.3440    84.5376  0.0000  decoder_1
u_decode_w/clk_gate_in_mag_tmp_reg    1.6320     0.1     0.0000     1.6320  0.0000  SNPS_CLOCK_GATE_HIGH_decoder_0_2
u_decode_w/clk_gate_out_vld_reg_0    1.6320      0.1     0.0000     1.6320  0.0000  SNPS_CLOCK_GATE_HIGH_decoder_0_3
--------------------------------  ---------  -------  ---------  ---------  ------  ---------------------------------
Total                                                 1221.9328  1220.7360  0.0000

1
