 
****************************************
Report : resources
Design : posit_mac
Version: V-2023.12-SP5-3
Date   : Wed Aug 20 14:07:28 2025
****************************************


Resource Report for this hierarchy in file
        /home/intern9//example/rtl/posit/posit_mac.v
=============================================================================
| Cell           | Module         | Parameters | Contained Operations       |
=============================================================================
| mult_x_1       | DW_mult_uns    | a_width=4  | mult_112 (posit_mac.v:112) |
|                |                | b_width=4  |                            |
| ash_9          | DW_leftsh      | A_width=102 | sll_144_S2 (posit_mac.v:144) |
              |                | SH_width=8 |                            |
| lt_x_11        | DW_cmp         | width=5    | lt_164 (posit_mac.v:164)   |
| add_x_12       | DW01_inc       | width=5    | add_165 (posit_mac.v:165)  |
| add_x_13       | DW01_add       | width=102  | add_167 (posit_mac.v:167)  |
| sub_x_23       | DW01_sub       | width=7    | sub_216 (posit_mac.v:216)  |
| ash_24         | DW_leftsh      | A_width=102 | sll_217 (posit_mac.v:217) |
|                |                | SH_width=8 |                            |
| sub_x_40       | DW01_dec       | width=3    | sub_300 (posit_mac.v:300)  |
| ashr_41        | DW_rightsh     | A_width=18 | sra_303_S2 (posit_mac.v:303) |
               |                | SH_width=3 |                            |
| ashr_42        | DW_rightsh     | A_width=18 | sra_304 (posit_mac.v:304)  |
|                |                | SH_width=3 |                            |
| add_x_52       | DW01_add       | width=7    | add_329 (posit_mac.v:329)  |
| add_x_53       | DW01_inc       | width=8    | add_334_S2 (posit_mac.v:334) |
| U_LZD0         | DW_lzd         | a_width=102 | U_LZD0 (posit_mac.v:200)  |
| DP_OP_107J1_122_1393            |            |                            |
|                | DP_OP_107J1_122_1393 |      |                            |
| sub_x_60       | DW01_sub       | width=9    | add_141_S2_ni (posit_mac.v:141) |
            |                |            | sub_add_141_S2 (posit_mac.v:141) |
| sub_x_61       | DW01_sub       | width=102  | add_192_S2_ni (posit_mac.v:192) |
            |                |            | sub_add_192_S2 (posit_mac.v:192) |
| sub_x_62       | DW01_sub       | width=4    | add_243_S2_ni (posit_mac.v:243) |
            |                |            | sub_add_243_S2 (posit_mac.v:243) |
=============================================================================

Datapath Report for DP_OP_107J1_122_1393
==============================================================================
| Cell                 | Contained Operations                                |
==============================================================================
| DP_OP_107J1_122_1393 | add_128 (posit_mac.v:128) sub_128 (posit_mac.v:128) |
|                      | add_139_S2 (posit_mac.v:139)                        |
|                      | sub_139_S2 (posit_mac.v:139)                        |
|                      | sub_139_S2_2 (posit_mac.v:139)                      |
==============================================================================

==============================================================================
|       |      | Data     |       |                                          |
| Var   | Type | Class    | Width | Expression                               |
==============================================================================
| I1    | PI   | Signed   | 6     |                                          |
| I2    | PI   | Signed   | 6     |                                          |
| I3    | PI   | Signed   | 1     |                                          |
| O1    | PO   | Signed   | 8     | I1 + I2 - I3 + $unsigned(8'b00101001) ( posit_mac.v:128 posit_mac.v:139 ) |
==============================================================================


Resource Report for Ungrouped Hierarchy U_LZD0
=============================================================================
| Cell           | Module         | Parameters | Contained Operations       |
=============================================================================
=============================================================================


Implementation Report
===============================================================================
|                    |                  | Current            | Set            |
| Cell               | Module           | Implementation     | Implementation |
===============================================================================
| mult_x_1           | DW_mult_uns      | apparch (area)     |                |
|                    |                  | mult_arch: and     |                |
| ash_9              | DW_leftsh        | astr (area)        |                |
| lt_x_11            | DW_cmp           | apparch (area)     |                |
| add_x_12           | DW01_inc         | apparch (area)     |                |
| add_x_13           | DW01_add         | apparch (area)     |                |
| sub_x_23           | DW01_sub         | apparch (area)     |                |
| ash_24             | DW_leftsh        | astr (area)        |                |
| sub_x_40           | DW01_dec         | apparch (area)     |                |
| ashr_41            | DW_rightsh       | astr (area)        |                |
| ashr_42            | DW_rightsh       | astr (area)        |                |
| add_x_52           | DW01_add         | apparch (area)     |                |
| add_x_53           | DW01_inc         | apparch (area)     |                |
| U_LZD0             | DW_lzd           | rtl                |                |
| sub_x_60           | DW01_sub         | apparch (area)     |                |
| sub_x_61           | DW01_sub         | apparch (area)     |                |
| sub_x_62           | DW01_sub         | apparch (area)     |                |
| DP_OP_107J1_122_1393                  |                    |                |
|                    | DP_OP_107J1_122_1393 | str (area)     |                |
===============================================================================

 
****************************************
Design : decoder_0
****************************************

Resource Report for this hierarchy in file
        /home/intern9//example/rtl/posit/posit_decoder.v
=============================================================================
| Cell           | Module         | Parameters | Contained Operations       |
=============================================================================
| sub_x_1        | DW01_sub       | width=5    | sub_82 (posit_decoder.v:82) |
| ashr_4         | DW_rightsh     | A_width=5  | srl_82_S2_lsb_trim (posit_decoder.v:82) |
    |                | SH_width=32 |                           |
| sub_x_11       | DW01_dec       | width=4    | sub_94 (posit_decoder.v:94) |
| add_x_12       | DW01_inc       | width=4    | add_94 (posit_decoder.v:94) |
| U_LZD1         | DW_lzd         | a_width=7  | U_LZD1 (posit_decoder.v:43) |
| add_x_14       | DW01_add       | width=6    | sub_82_S2 (posit_decoder.v:82) |
             |                |            | sub_82_S2_2 (posit_decoder.v:82) |
| add_x_2        | DW01_inc       | width=5    | add_82_S2 (posit_decoder.v:82) |
             |                |            | add_83 (posit_decoder.v:83) |
| ash_3          | DW_leftsh      | A_width=7  | sll_82_S2 (posit_decoder.v:82) |
             |                | SH_width=5 | sll_83 (posit_decoder.v:83) |
| sub_x_15       | DW01_sub       | width=7    | add_67_S2_ni (posit_decoder.v:67) |
          |                |            | sub_add_67_S2 (posit_decoder.v:67) |
=============================================================================


Resource Report for Ungrouped Hierarchy u_decode_d/U_LZD1
=============================================================================
| Cell           | Module         | Parameters | Contained Operations       |
=============================================================================
=============================================================================


Datapath Extraction Report

Information: Operator associated with resources 'sub_82_S2 (posit_decoder.v:82) sub_82_S2_2 (posit_decoder.v:82)' in design 'decoder_0' breaks the datapath extraction because there is leakage due to truncation on its fanout.  (HDL-120)


Implementation Report
===============================================================================
|                    |                  | Current            | Set            |
| Cell               | Module           | Implementation     | Implementation |
===============================================================================
| sub_x_1            | DW01_sub         | apparch (area)     |                |
| ashr_4             | DW_rightsh       | astr (area)        |                |
| sub_x_11           | DW01_dec         | apparch (area)     |                |
| add_x_12           | DW01_inc         | apparch (area)     |                |
| U_LZD1             | DW_lzd           | rtl                |                |
| add_x_14           | DW01_add         | apparch (area)     |                |
| add_x_2            | DW01_inc         | apparch (area)     |                |
| ash_3              | DW_leftsh        | astr (area)        |                |
| sub_x_15           | DW01_sub         | apparch (area)     |                |
===============================================================================

 
****************************************
Design : decoder_1
****************************************

Resource Report for this hierarchy in file
        /home/intern9//example/rtl/posit/posit_decoder.v
=============================================================================
| Cell           | Module         | Parameters | Contained Operations       |
=============================================================================
| sub_x_1        | DW01_sub       | width=5    | sub_82 (posit_decoder.v:82) |
| ashr_4         | DW_rightsh     | A_width=5  | srl_82_S2_lsb_trim (posit_decoder.v:82) |
    |                | SH_width=32 |                           |
| sub_x_11       | DW01_dec       | width=4    | sub_94 (posit_decoder.v:94) |
| add_x_12       | DW01_inc       | width=4    | add_94 (posit_decoder.v:94) |
| U_LZD1         | DW_lzd         | a_width=7  | U_LZD1 (posit_decoder.v:43) |
| add_x_14       | DW01_add       | width=6    | sub_82_S2 (posit_decoder.v:82) |
             |                |            | sub_82_S2_2 (posit_decoder.v:82) |
| add_x_2        | DW01_inc       | width=5    | add_82_S2 (posit_decoder.v:82) |
             |                |            | add_83 (posit_decoder.v:83) |
| ash_3          | DW_leftsh      | A_width=7  | sll_82_S2 (posit_decoder.v:82) |
             |                | SH_width=5 | sll_83 (posit_decoder.v:83) |
| sub_x_15       | DW01_sub       | width=7    | add_67_S2_ni (posit_decoder.v:67) |
          |                |            | sub_add_67_S2 (posit_decoder.v:67) |
=============================================================================


Resource Report for Ungrouped Hierarchy u_decode_w/U_LZD1
=============================================================================
| Cell           | Module         | Parameters | Contained Operations       |
=============================================================================
=============================================================================


Datapath Extraction Report

Information: Operator associated with resources 'sub_82_S2 (posit_decoder.v:82) sub_82_S2_2 (posit_decoder.v:82)' in design 'decoder_0' breaks the datapath extraction because there is leakage due to truncation on its fanout.  (HDL-120)


Implementation Report
===============================================================================
|                    |                  | Current            | Set            |
| Cell               | Module           | Implementation     | Implementation |
===============================================================================
| sub_x_1            | DW01_sub         | apparch (area)     |                |
| ashr_4             | DW_rightsh       | astr (area)        |                |
| sub_x_11           | DW01_dec         | apparch (area)     |                |
| add_x_12           | DW01_inc         | apparch (area)     |                |
| U_LZD1             | DW_lzd           | rtl                |                |
| add_x_14           | DW01_add         | apparch (area)     |                |
| add_x_2            | DW01_inc         | apparch (area)     |                |
| ash_3              | DW_leftsh        | astr (area)        |                |
| sub_x_15           | DW01_sub         | apparch (area)     |                |
===============================================================================

1
