Information: Propagating switching activity (high effort zero delay simulation). (PWR-6)
Warning: Design has unannotated primary inputs. (PWR-414)
Warning: Design has unannotated sequential cell outputs. (PWR-415)
 
****************************************
Report : power
        -hier
        -analysis_effort high
        -verbose
Design : posit_mac
Scenario(s): mode_norm.OC_rvt_ss28_0.90V_0.00V_0.90V_0.00V_125C
Version: V-2023.12-SP5-3
Date   : Wed Aug 20 14:07:29 2025
****************************************


Library(s) Used:

    C28SOI_SC_8_PR_LR_ss28_0.90V_0.00V_0.90V_0.00V_125C (File: /tool/PDK/samsung/LN28FDS_202408/SC/ln28fds_sc_8t_rvt_mainstream_V1.02ae/FE-Common/LIBERTY/PR/C28SOI_SC_8_PR_LR_ss28_0.90V_0.00V_0.90V_0.00V_125C.db)
    C28SOI_SC_8_CLK_LR_ss28_0.90V_0.00V_0.90V_0.00V_125C_sadhm (File: /tool/PDK/samsung/LN28FDS_202408/SC/ln28fds_sc_8t_rvt_mainstream_V1.02ae/FE-Common/LIBERTY/CLK/C28SOI_SC_8_CLK_LR_ss28_0.90V_0.00V_0.90V_0.00V_125C_sadhm.db)
    C28SOI_SC_8_CORE_LR_ss28_0.90V_0.00V_0.90V_0.00V_125C_sadhm (File: /tool/PDK/samsung/LN28FDS_202408/SC/ln28fds_sc_8t_rvt_mainstream_V1.02ae/FE-Common/LIBERTY/CORE/C28SOI_SC_8_CORE_LR_ss28_0.90V_0.00V_0.90V_0.00V_125C_sadhm.db)
    C28SOI_SC_8_CORESPL_LR_ss28_0.90V_0.00V_0.90V_0.00V_125C_sadhm (File: /tool/PDK/samsung/LN28FDS_202408/SC/ln28fds_sc_8t_rvt_mainstream_V1.02ae/FE-Common/LIBERTY/CORESPL/C28SOI_SC_8_CORESPL_LR_ss28_0.90V_0.00V_0.90V_0.00V_125C_sadhm.db)


Global Operating Voltage = 0.9  
Power-specific unit information :
    Voltage Units = 1V
    Capacitance Units = 1.000000pf
    Time Units = 1ns
    Dynamic Power Units = 1mW    (derived from V,C,T units)
    Leakage Power Units = 1uW


--------------------------------------------------------------------------------
                                       Switch   Int      Leak     Total
Hierarchy                              Power    Power    Power    Power    %
--------------------------------------------------------------------------------
posit_mac                              1.77e-02 8.48e-02   16.405    0.119 100.0
  u_decode_d (decoder_0)               9.07e-04 8.20e-03    0.863 9.97e-03   8.4
  u_decode_w (decoder_1)               9.01e-04 8.20e-03    0.861 9.96e-03   8.4
Information: Propagating switching activity (high effort zero delay simulation). (PWR-6)
Warning: Design has unannotated primary inputs. (PWR-414)
Warning: Design has unannotated sequential cell outputs. (PWR-415)
 
****************************************
Report : power
        -hier
        -analysis_effort high
        -verbose
Design : posit_mac
Scenario(s): mode_norm.OC_rvt_ff28_1.10V_0.00V_1.10V_0.00V_m40C
Version: V-2023.12-SP5-3
Date   : Wed Aug 20 14:07:29 2025
****************************************


Library(s) Used:

    C28SOI_SC_8_PR_LR_ff28_1.10V_0.00V_1.10V_0.00V_m40C (File: /tool/PDK/samsung/LN28FDS_202408/SC/ln28fds_sc_8t_rvt_mainstream_V1.02ae/FE-Common/LIBERTY/PR/C28SOI_SC_8_PR_LR_ff28_1.10V_0.00V_1.10V_0.00V_m40C.db)
    C28SOI_SC_8_CLK_LR_ff28_1.10V_0.00V_1.10V_0.00V_m40C_sadhm (File: /tool/PDK/samsung/LN28FDS_202408/SC/ln28fds_sc_8t_rvt_mainstream_V1.02ae/FE-Common/LIBERTY/CLK/C28SOI_SC_8_CLK_LR_ff28_1.10V_0.00V_1.10V_0.00V_m40C_sadhm.db)
    C28SOI_SC_8_CORE_LR_ff28_1.10V_0.00V_1.10V_0.00V_m40C_sadhm (File: /tool/PDK/samsung/LN28FDS_202408/SC/ln28fds_sc_8t_rvt_mainstream_V1.02ae/FE-Common/LIBERTY/CORE/C28SOI_SC_8_CORE_LR_ff28_1.10V_0.00V_1.10V_0.00V_m40C_sadhm.db)
    C28SOI_SC_8_CORESPL_LR_ff28_1.10V_0.00V_1.10V_0.00V_m40C_sadhm (File: /tool/PDK/samsung/LN28FDS_202408/SC/ln28fds_sc_8t_rvt_mainstream_V1.02ae/FE-Common/LIBERTY/CORESPL/C28SOI_SC_8_CORESPL_LR_ff28_1.10V_0.00V_1.10V_0.00V_m40C_sadhm.db)


Global Operating Voltage = 1.1  
Power-specific unit information :
    Voltage Units = 1V
    Capacitance Units = 1.000000pf
    Time Units = 1ns
    Dynamic Power Units = 1mW    (derived from V,C,T units)
    Leakage Power Units = 1uW


--------------------------------------------------------------------------------
                                       Switch   Int      Leak     Total
Hierarchy                              Power    Power    Power    Power    %
--------------------------------------------------------------------------------
posit_mac                              2.91e-02    0.135    0.234    0.164 100.0
  u_decode_d (decoder_0)               1.46e-03 1.28e-02 1.30e-02 1.42e-02   8.7
  u_decode_w (decoder_1)               1.48e-03 1.29e-02 1.30e-02 1.43e-02   8.8
1
